// Jest Snapshot v1, https://goo.gl/fbAQLP

exports[`FooterComponent ==> UI   FooterComponent : should render correctly 1`] = `ShallowWrapper {}`;
