// Jest Snapshot v1, https://goo.gl/fbAQLP

exports[`FilterComponent ==> Test UI   FilterComponent : should render correctly 1`] = `ShallowWrapper {}`;
