// Jest Snapshot v1, https://goo.gl/fbAQLP

exports[`ToastComponent ==> Test UI   ToastComponent : should render correctly 1`] = `ShallowWrapper {}`;
