// Jest Snapshot v1, https://goo.gl/fbAQLP

exports[`HeaderComponent ==> Test UI   HeaderComponent : should render correctly 1`] = `ShallowWrapper {}`;
