// Jest Snapshot v1, https://goo.gl/fbAQLP

exports[`LinkComponent ==> Test UI   should render correctly 1`] = `ShallowWrapper {}`;
