// Jest Snapshot v1, https://goo.gl/fbAQLP

exports[`AppComponent ==> Test UI   AppComponent : should render correctly 1`] = `ShallowWrapper {}`;

exports[`ErrorComponent ==> Test UI   ErrorComponent : should render correctly 1`] = `ShallowWrapper {}`;

exports[`ErrorPageComponent ==> UI   MultiListComponent : should render correctly 1`] = `ShallowWrapper {}`;
