// Jest Snapshot v1, https://goo.gl/fbAQLP

exports[`Configuration ==> Test UI   Configuration : should render correctly 1`] = `ShallowWrapper {}`;
