// Jest Snapshot v1, https://goo.gl/fbAQLP

exports[`SearchResultList ==> Test UI   SearchResultList : should render correctly 1`] = `ShallowWrapper {}`;
