// Jest Snapshot v1, https://goo.gl/fbAQLP

exports[`SearchField ==> Test UI   SearchField : should render correctly 1`] = `ShallowWrapper {}`;
