// Jest Snapshot v1, https://goo.gl/fbAQLP

exports[`MultiListComponent ==> Test UI   MultiListComponent : should render correctly 1`] = `ShallowWrapper {}`;
